TAP version 13
# Subtest: 사전 발행 실행기는 활성 슬롯을 건너뛰고 나머지를 시간순으로 기존 빌더에 맡긴다
ok 1 - 사전 발행 실행기는 활성 슬롯을 건너뛰고 나머지를 시간순으로 기존 빌더에 맡긴다
  ---
  duration_ms: 14.103833
  type: 'test'
  ...
# Subtest: 한 슬롯이 실패하면 활성 포인터를 보존하고 뒤 슬롯을 실행하지 않는다
ok 2 - 한 슬롯이 실패하면 활성 포인터를 보존하고 뒤 슬롯을 실행하지 않는다
  ---
  duration_ms: 2.232708
  type: 'test'
  ...
# Subtest: 활성판 재사용은 포인터와 풀·패킷·분류 입력이 모두 같을 때만 허용한다
ok 3 - 활성판 재사용은 포인터와 풀·패킷·분류 입력이 모두 같을 때만 허용한다
  ---
  duration_ms: 62.672375
  type: 'test'
  ...
# Subtest: predictions 입력이 바뀌면 같은 날짜·슬롯도 활성판을 재사용하지 않는다
ok 4 - predictions 입력이 바뀌면 같은 날짜·슬롯도 활성판을 재사용하지 않는다
  ---
  duration_ms: 36.362084
  type: 'test'
  ...
# Subtest: 검수 제목 파일은 빌더에 전달되고, 활성판에 반영되기 전에는 같은 슬롯을 건너뛰지 않는다
ok 5 - 검수 제목 파일은 빌더에 전달되고, 활성판에 반영되기 전에는 같은 슬롯을 건너뛰지 않는다
  ---
  duration_ms: 164.88375
  type: 'test'
  ...
# Subtest: 손상되거나 포인터 디렉터리 밖에 있는 artifact는 활성판으로 재사용하지 않는다
ok 6 - 손상되거나 포인터 디렉터리 밖에 있는 artifact는 활성판으로 재사용하지 않는다
  ---
  duration_ms: 1.411916
  type: 'test'
  ...
# Subtest: 기존 빌더 호출은 기본적으로 키를 숨기고 명시적 유료 실행에만 전달한다
ok 7 - 기존 빌더 호출은 기본적으로 키를 숨기고 명시적 유료 실행에만 전달한다
  ---
  duration_ms: 0.414917
  type: 'test'
  ...
# Subtest: 같은 슬롯 재빌드는 자기 판 상세를 재사용하고, 이전 슬롯이 낸 기사는 첫 빌드·재빌드 모두 다시 받지 않는다
ok 8 - 같은 슬롯 재빌드는 자기 판 상세를 재사용하고, 이전 슬롯이 낸 기사는 첫 빌드·재빌드 모두 다시 받지 않는다
  ---
  duration_ms: 150.127834
  type: 'test'
  ...
# Subtest: 저녁판은 앞선 기사와 별칭 중복을 막고 관련 근거·미제공 11시 보도는 남긴다
ok 9 - 저녁판은 앞선 기사와 별칭 중복을 막고 관련 근거·미제공 11시 보도는 남긴다
  ---
  duration_ms: 81.50675
  type: 'test'
  ...
# Subtest: 사전 빌드가 끝나기 전에도 HTTP 요청을 처리하고 자식 실패는 전달한다
ok 10 - 사전 빌드가 끝나기 전에도 HTTP 요청을 처리하고 자식 실패는 전달한다
  ---
  duration_ms: 1139.327958
  type: 'test'
  ...
# Subtest: 전량 빌드 뒤 활성화가 실패해도 포인터를 보존하고 activation HOLD를 남긴다
ok 11 - 전량 빌드 뒤 활성화가 실패해도 포인터를 보존하고 activation HOLD를 남긴다
  ---
  duration_ms: 3.093084
  type: 'test'
  ...
# Subtest: 정시 실행은 현재 풀에서 무료 packet·routing을 준비해 기존 원자 발행기에 한 번만 맡긴다
ok 12 - 정시 실행은 현재 풀에서 무료 packet·routing을 준비해 기존 원자 발행기에 한 번만 맡긴다
  ---
  duration_ms: 37.346625
  type: 'test'
  ...
# Subtest: 발행 20분 전에는 현재판 대신 다음 슬롯을 미리 준비한다
ok 13 - 발행 20분 전에는 현재판 대신 다음 슬롯을 미리 준비한다
  ---
  duration_ms: 33.845458
  type: 'test'
  ...
# Subtest: 이미 활성화된 날짜·슬롯은 풀이 시간창 밖이어도 고정판을 다시 만들지 않는다
ok 14 - 이미 활성화된 날짜·슬롯은 풀이 시간창 밖이어도 고정판을 다시 만들지 않는다
  ---
  duration_ms: 30.798209
  type: 'test'
  ...
# Subtest: 정시 실행은 슬롯 시간창 밖 풀을 작업 파일·빌더·포인터 변경 전에 거부한다
ok 15 - 정시 실행은 슬롯 시간창 밖 풀을 작업 파일·빌더·포인터 변경 전에 거부한다
  ---
  duration_ms: 1.285625
  type: 'test'
  ...
# Subtest: NH167 served event repeats: paraphrase, outlet or evidence-mode changes are withheld; a new number or confirmed outcome stays
ok 16 - NH167 served event repeats: paraphrase, outlet or evidence-mode changes are withheld; a new number or confirmed outcome stays
  ---
  duration_ms: 14.757416
  type: 'test'
  ...
# Subtest: NH167 headline reviews are discovered per date-slot from a review directory and merged for the scheduled build
ok 17 - NH167 headline reviews are discovered per date-slot from a review directory and merged for the scheduled build
  ---
  duration_ms: 4.242167
  type: 'test'
  ...
# Subtest: NH167 extras are admitted lane by lane up to 20 with no shared quota; rejections and overflow carry reasons
ok 18 - NH167 extras are admitted lane by lane up to 20 with no shared quota; rejections and overflow carry reasons
  ---
  duration_ms: 36.097125
  type: 'test'
  ...
# Subtest: NH167 shipped headline reviews are discovered by default and packaged in the image
ok 19 - NH167 shipped headline reviews are discovered by default and packaged in the image
  ---
  duration_ms: 2.961125
  type: 'test'
  ...
# Subtest: NH167 repeats are withheld before lane trimming so fresh reserve candidates refill the baseline without extras qualification
ok 20 - NH167 repeats are withheld before lane trimming so fresh reserve candidates refill the baseline without extras qualification
  ---
  duration_ms: 15.406375
  type: 'test'
  ...
# Subtest: NH167 real 9/30 pairs: concept matches on boilerplate are distinct events; true repeats and retitles are the same story
ok 21 - NH167 real 9/30 pairs: concept matches on boilerplate are distinct events; true repeats and retitles are the same story
  ---
  duration_ms: 5.691292
  type: 'test'
  ...
# Subtest: NH167 review: substantive first amounts survive but dates, tenure and model numbers are not updates
ok 22 - NH167 review: substantive first amounts survive but dates, tenure and model numbers are not updates
  ---
  duration_ms: 0.341542
  type: 'test'
  ...
# Subtest: NH167 late review corrects the active artifact without rebuilding and preserves old shared editions
ok 23 - NH167 late review corrects the active artifact without rebuilding and preserves old shared editions
  ---
  duration_ms: 69.175291
  type: 'test'
  ...
1..23
# tests 23
# suites 0
# pass 23
# fail 0
# cancelled 0
# skipped 0
# todo 0
# duration_ms 2084.325375
